// Jest Snapshot v1, https://goo.gl/fbAQLP

exports[`User Account Integration Test /user-account/info 1`] = `[]`;
